---
http_interactions:
- request:
    method: get
    uri: http://watchdoge.entreprise.api.gouv.fr:9200/_nodes/http
    body:
      encoding: US-ASCII
      string: ''
    headers:
      Content-Type:
      - application/json
      User-Agent:
      - Faraday v0.13.1
      Accept-Encoding:
      - gzip;q=1.0,deflate;q=0.6,identity;q=0.3
      Accept:
      - "*/*"
  response:
    status:
      code: 200
      message: OK
    headers:
      Content-Type:
      - application/json; charset=UTF-8
      Transfer-Encoding:
      - chunked
    body:
      encoding: ASCII-8BIT
      string: '{"_nodes":{"total":1,"successful":1,"failed":0},"cluster_name":"apientreprise_es","nodes":{"79oZqAQvTCKMyF4AGMt_Ug":{"name":"79oZqAQ","transport_address":"217.182.164.215:9300","host":"217.182.164.215","ip":"217.182.164.215","version":"5.5.1","build_hash":"19c13d0","roles":["master","data","ingest"],"http":{"bound_address":["[::]:9200"],"publish_address":"217.182.164.215:9200","max_content_length_in_bytes":104857600}}}}'
    http_version: 
  recorded_at: Sun, 26 Nov 2017 10:50:47 GMT
- request:
    method: get
    uri: http://217.182.164.215:9200/_search
    body:
      encoding: UTF-8
      string: |
        {
          "size": 1,
          "query": {
            "bool": {
              "must": [
                {
                  "wildcard": {
                    "source": "siade_production*"
                  }
                },
                {
                  "term": {
                    "controller.keyword": {
                      "value": "www"
                    }
                  }
                }
              ]
            }
          },
          "sort": [
            {
              "@timestamp": {
                "order": "desc"
              }
            }
          ]
        }
    headers:
      Content-Type:
      - application/json
      User-Agent:
      - Faraday v0.13.1
      Accept-Encoding:
      - gzip;q=1.0,deflate;q=0.6,identity;q=0.3
      Accept:
      - "*/*"
  response:
    status:
      code: 200
      message: OK
    headers:
      Content-Type:
      - application/json; charset=UTF-8
      Transfer-Encoding:
      - chunked
    body:
      encoding: ASCII-8BIT
      string: '{"took":21,"timed_out":false,"_shards":{"total":371,"successful":365,"failed":6,"failures":[{"shard":0,"index":".kibana","node":"79oZqAQvTCKMyF4AGMt_Ug","reason":{"type":"query_shard_exception","reason":"No
        mapping found for [@timestamp] in order to sort on","index_uuid":"3tDGuNozQ5iYSmmUqklytw","index":".kibana"}},{"shard":0,"index":"my_index","node":"79oZqAQvTCKMyF4AGMt_Ug","reason":{"type":"query_shard_exception","reason":"No
        mapping found for [@timestamp] in order to sort on","index_uuid":"cV-N3HxWTLSpSWf-zjH4_w","index":"my_index"}}]},"hits":{"total":12274,"max_score":null,"hits":[{"_index":"logstash-2017.11.26","_type":"siade","_id":"AV_38sPQz_-J--ddv_kO","_score":null,"_source":{"controller":"www","geoip":{"timezone":"Europe/Paris","ip":"217.182.164.215","latitude":48.8582,"country_name":"France","country_code2":"FR","continent_code":"EU","country_code3":"FR","location":{"lon":2.3387000000000002,"lat":48.8582},"longitude":2.3387000000000002},"method":"GET","ip":"217.182.164.215","format":"*/*","source":"siade_production_production1","type":"siade","tags":["request"],"duration":4.13,"path":"/","view":3.78,"route":"www#index","@timestamp":"2017-11-26T10:50:02.501Z","@version":"1","host":"production1","action":"index","request_id":"7ff0131b-10e2-4042-a127-4555bf670393","parameters":{"context":"Ping","recipient":"SGMAP"},"db":0.0,"status":200},"sort":[1511693402501]}]}}'
    http_version: 
  recorded_at: Sun, 26 Nov 2017 10:50:49 GMT
- request:
    method: get
    uri: http://217.182.164.215:9200/_search
    body:
      encoding: UTF-8
      string: |
        {
          "size": 1,
          "query": {
            "bool": {
              "must": [
                {
                  "wildcard": {
                    "source": "siade_production*"
                  }
                },
                {
                  "term": {
                    "controller.keyword": {
                      "value": "www"
                    }
                  }
                }
              ]
            }
          },
          "sort": [
            {
              "@timestamp": {
                "order": "desc"
              }
            }
          ]
        }
    headers:
      Content-Type:
      - application/json
      User-Agent:
      - Faraday v0.13.1
      Accept-Encoding:
      - gzip;q=1.0,deflate;q=0.6,identity;q=0.3
      Accept:
      - "*/*"
  response:
    status:
      code: 200
      message: OK
    headers:
      Content-Type:
      - application/json; charset=UTF-8
      Transfer-Encoding:
      - chunked
    body:
      encoding: ASCII-8BIT
      string: '{"took":26,"timed_out":false,"_shards":{"total":371,"successful":365,"failed":6,"failures":[{"shard":0,"index":".kibana","node":"79oZqAQvTCKMyF4AGMt_Ug","reason":{"type":"query_shard_exception","reason":"No
        mapping found for [@timestamp] in order to sort on","index_uuid":"3tDGuNozQ5iYSmmUqklytw","index":".kibana"}},{"shard":0,"index":"my_index","node":"79oZqAQvTCKMyF4AGMt_Ug","reason":{"type":"query_shard_exception","reason":"No
        mapping found for [@timestamp] in order to sort on","index_uuid":"cV-N3HxWTLSpSWf-zjH4_w","index":"my_index"}}]},"hits":{"total":12275,"max_score":null,"hits":[{"_index":"logstash-2017.11.26","_type":"siade","_id":"AV_386pHz_-J--ddv_k6","_score":null,"_source":{"controller":"www","geoip":{"timezone":"Europe/Paris","ip":"217.182.164.215","latitude":48.8582,"country_name":"France","country_code2":"FR","continent_code":"EU","country_code3":"FR","location":{"lon":2.3387000000000002,"lat":48.8582},"longitude":2.3387000000000002},"method":"GET","ip":"217.182.164.215","format":"*/*","source":"siade_production_production1","type":"siade","tags":["request"],"duration":2.83,"path":"/","view":2.42,"route":"www#index","@timestamp":"2017-11-26T10:51:01.980Z","@version":"1","host":"production1","action":"index","request_id":"167868d4-6441-4109-98c1-b46590c0aaf6","parameters":{"context":"Ping","recipient":"SGMAP"},"db":0.0,"status":200},"sort":[1511693461980]}]}}'
    http_version: 
  recorded_at: Sun, 26 Nov 2017 10:51:10 GMT
recorded_with: VCR 3.0.3
